Exercise in Progress.  asdf!